// Jest Snapshot v1, https://goo.gl/fbAQLP

exports[`ContactList component matches snapshot 1`] = `
<section
  className="ContactList"
>
  <h2>
    Contact List
  </h2>
  <ul
    className="ContactList"
  />
  <Component
    to="/add"
  >
    <button
      title="Add New Contact"
    >
      +
    </button>
  </Component>
</section>
`;
