// Jest Snapshot v1, https://goo.gl/fbAQLP

exports[`App component renders App 1`] = `
<Component>
  <Header />
  <Component>
    <Component
      component={[Function]}
      exact={true}
      path="/"
    />
    <Component
      component={[Function]}
      path="/login"
    />
    <Component
      component={[Function]}
      path="/signup"
    />
    <Component
      component={[Function]}
      path="/contacts"
    />
    <Component
      component={[Function]}
      path="/add"
    />
    <Component
      component={[Function]}
      path="/edit/:id"
    />
    <Component
      component={[Function]}
      path="/about"
    />
    <Component
      component={[Function]}
      path="/settings"
    />
  </Component>
  <Component
    component={[Function]}
    path="/contacts/:id"
  />
</Component>
`;
