// Jest Snapshot v1, https://goo.gl/fbAQLP

exports[`App component renders App 1`] = `
<BrowserRouter>
  <Header />
  <Switch>
    <Route
      component={[Function]}
      exact={true}
      path="/"
    />
    <Route
      component={[Function]}
      path="/signup"
    />
    <Route
      component={[Function]}
      path="/contacts"
    />
    <Route
      component={[Function]}
      path="/about"
    />
    <Route
      component={[Function]}
      path="/settings"
    />
  </Switch>
</BrowserRouter>
`;
