// Jest Snapshot v1, https://goo.gl/fbAQLP

exports[`Login component renders Login 1`] = `
<main
  className="Login"
>
  <h1>
    Login
  </h1>
  <form
    onSubmit={[Function]}
  >
    <div>
      <label
        htmlFor="email"
      >
        Email
      </label>
      <input
        name="email"
        onChange={[Function]}
        type="email"
        value=""
      />
    </div>
    <div>
      <label
        htmlFor="password"
      >
        Password
      </label>
      <input
        name="password"
        onChange={[Function]}
        type="password"
        value=""
      />
    </div>
    <button>
      Login
    </button>
  </form>
  <p
    className="center"
  >
    <Component
      to="/signup"
    >
      Sign up
    </Component>
  </p>
</main>
`;
