// Jest Snapshot v1, https://goo.gl/fbAQLP

exports[`Signup component renders Signup 1`] = `
<main
  className="login"
>
  <h1>
    Signup
  </h1>
  <form
    onSubmit={[Function]}
  >
    <div>
      <label
        htmlFor="username"
      >
        Username
      </label>
      <input
        name="username"
        onChange={[Function]}
        type="text"
        value=""
      />
    </div>
    <div>
      <label
        htmlFor="email"
      >
        Email
      </label>
      <input
        name="email"
        onChange={[Function]}
        type="email"
        value=""
      />
    </div>
    <div>
      <label
        htmlFor="password"
      >
        Password
      </label>
      <input
        name="password"
        onChange={[Function]}
        type="password"
        value=""
      />
    </div>
    <button
      className="signUp"
    >
      Signup
    </button>
  </form>
  <p
    className="center"
  >
    <Component
      to="/"
    >
      Login
    </Component>
  </p>
</main>
`;
