// Jest Snapshot v1, https://goo.gl/fbAQLP

exports[`Signup component renders Signup 1`] = `
<main
  className="Login"
>
  <h1>
    Signup
  </h1>
  <form
    onSubmit={[Function]}
  >
    <label>
      Username
      <input
        name="username"
        onChange={[Function]}
        type="text"
        value=""
      />
    </label>
    <label>
      Email
      <input
        name="email"
        onChange={[Function]}
        type="email"
        value=""
      />
    </label>
    <label>
      Password
      <input
        name="password"
        onChange={[Function]}
        type="password"
        value=""
      />
    </label>
    <button>
      Signup
    </button>
  </form>
</main>
`;
